// Vitest Snapshot v1, https://vitest.dev/guide/snapshot.html

exports[`Fallback test case > should render correctly 1`] = `
<div
  className="d-flex-center _fallback-message_af4e75"
>
  Something went wrong
</div>
`;
